[backblue.gif]
[fade.gif]
[index.html]
[seis.bristol.ac.uk/_sy13201/digital_design/ECAD/pics/l_d_arw.png]
[seis.bristol.ac.uk/_sy13201/digital_design/ECAD/pics/l_arw.png]
[seis.bristol.ac.uk/_sy13201/digital_design/ECAD/pics/r_arw.png]
[seis.bristol.ac.uk/_sy13201/digital_design/ECAD/A2_index.html]
[seis.bristol.ac.uk/_sy13201/digital_design/ECAD/style.css]
[seis.bristol.ac.uk/_sy13201/digital_design/ECAD/pics/r_d_arw.png]
[seis.bristol.ac.uk/_sy13201/digital_design/ECAD/index.html]
[seis.bristol.ac.uk/_sy13201/digital_design/ECAD/highlight/highlight.pack.js]
[seis.bristol.ac.uk/_sy13201/digital_design/ECAD/refs.html]
[seis.bristol.ac.uk/_sy13201/digital_design/ECAD/A2_preamble.html]
[www.gstitt.ece.ufl.edu/vhdl/refs/vhdl_math_tricks_mapld_2003.pdf]
[seis.bristol.ac.uk/_sy13201/digital_design/ECAD/pics/pkDetect_sys.png]
[seis.bristol.ac.uk/_sy13201/digital_design/ECAD/A2_specs.html]
[seis.bristol.ac.uk/_sy13201/digital_design/ECAD/pics/serial_uart.png]
[seis.bristol.ac.uk/_sy13201/digital_design/ECAD/pics/rs232.png]
[seis.bristol.ac.uk/_sy13201/digital_design/ECAD/pics/puttySerial.png]
[seis.bristol.ac.uk/_sy13201/digital_design/ECAD/pics/puttySaveConfig.png]
[seis.bristol.ac.uk/_sy13201/digital_design/ECAD/pics/twoPhase.png]
[seis.bristol.ac.uk/_sy13201/digital_design/ECAD/A2_coms.html]
[seis.bristol.ac.uk/_sy13201/digital_design/ECAD/pics/topArch.png]
[seis.bristol.ac.uk/_sy13201/digital_design/ECAD/A2_design.html]
[seis.bristol.ac.uk/_sy13201/digital_design/ECAD/pics/vivado_createProj.png]
[seis.bristol.ac.uk/_sy13201/digital_design/ECAD/pics/vivado_clkWiz_clockingOptions.png]
[seis.bristol.ac.uk/_sy13201/digital_design/ECAD/pics/vivado_clkWiz_outputClocks.png]
[seis.bristol.ac.uk/_sy13201/digital_design/ECAD/A2_vivado.html]
[seis.bristol.ac.uk/_sy13201/digital_design/ECAD/A2_group.html]
[seis.bristol.ac.uk/_sy13201/digital_design/ECAD/A2_deliverables.html]
[seis.bristol.ac.uk/_sy13201/digital_design/ECAD/A2_design_approach.html]
[seis.bristol.ac.uk/_sy13201/digital_design/ECAD/A2_refs.html]
[seis.bristol.ac.uk/_sy13201/digital_design/ECAD/index_vivado.html]
[seis.bristol.ac.uk/_sy13201/digital_design/ECAD/preamble.html]
[seis.bristol.ac.uk/_sy13201/digital_design/ECAD/pics/nand_struct.png]
[seis.bristol.ac.uk/_sy13201/digital_design/ECAD/pics/entity_nand.png]
[seis.bristol.ac.uk/_sy13201/digital_design/ECAD/pics/vivado_IDE.png]
[seis.bristol.ac.uk/_sy13201/digital_design/ECAD/pics/vivado_IDE_SIM_annotated.png]
[seis.bristol.ac.uk/_sy13201/digital_design/ECAD/intro.html]
[seis.bristol.ac.uk/_sy13201/digital_design/ECAD/pics/sig_assign_transport_delay.png]
[seis.bristol.ac.uk/_sy13201/digital_design/ECAD/pics/sig_assign_inertial_reject_delay.png]
[seis.bristol.ac.uk/_sy13201/digital_design/ECAD/pics/sig_assign_inertial_delay.png]
[seis.bristol.ac.uk/_sy13201/digital_design/ECAD/pics/combi_timing_gateDelays.png]
[seis.bristol.ac.uk/_sy13201/digital_design/ECAD/pics/sig_assign_inertial_delay_cct.png]
[seis.bristol.ac.uk/_sy13201/digital_design/ECAD/pics/combi_timing.png]
[seis.bristol.ac.uk/_sy13201/digital_design/ECAD/pics/signal_transition_order.png]
[seis.bristol.ac.uk/_sy13201/digital_design/ECAD/pics/sim_cycle.png]
[seis.bristol.ac.uk/_sy13201/digital_design/ECAD/pics/mux_2_1.png]
[seis.bristol.ac.uk/_sy13201/digital_design/ECAD/pics/modelsim_sim_controls.png]
[seis.bristol.ac.uk/_sy13201/digital_design/ECAD/timing.html]
[seis.bristol.ac.uk/_sy13201/digital_design/ECAD/behavioural.html]
[seis.bristol.ac.uk/_sy13201/digital_design/ECAD/pics/latch_vs_ff.png]
[seis.bristol.ac.uk/_sy13201/digital_design/ECAD/pics/dlatch_gate.png]
[seis.bristol.ac.uk/_sy13201/digital_design/ECAD/pics/FSM_models.png]
[seis.bristol.ac.uk/_sy13201/digital_design/ECAD/pics/state_transition.png]
[seis.bristol.ac.uk/_sy13201/digital_design/ECAD/sequential.html]
[seis.bristol.ac.uk/_sy13201/digital_design/ECAD/pics/ff_timing.png]
[seis.bristol.ac.uk/_sy13201/digital_design/ECAD/pics/ff_timingMetrics.png]
[seis.bristol.ac.uk/_sy13201/digital_design/ECAD/pics/edgeDetect.png]
[seis.bristol.ac.uk/_sy13201/digital_design/ECAD/pics/datapath.png]
[seis.bristol.ac.uk/_sy13201/digital_design/ECAD/synchronous.html]
[seis.bristol.ac.uk/_sy13201/digital_design/ECAD/highlight/styles/default.css]
[seis.bristol.ac.uk/_sy13201/digital_design/ECAD/terms.html]
[seis.bristol.ac.uk/_sy13201/digital_design/ECAD/A2_serial.html]
[seis.bristol.ac.uk/_sy13201/digital_design/ECAD/ASCII.html]
[seis.bristol.ac.uk/_sy13201/digital_design/ECAD/A2_twoPhase.html]
